large_message_test:
  description: "Test a number of large messages"
  expected_duration_in_sec: 61
  expected_size_in_mb: 3380
  topics_with_expected_message_count:
    - topic_metadata:
        name: /image1
        serialization_format: cdr
        type: sensor_msgs/msg/Image
      message_count: 614
    - topic_metadata:
        name: /image2
        serialization_format: cdr
        type: sensor_msgs/msg/Image
      message_count: 614
    - topic_metadata:
        name: /pointcloud2
        serialization_format: cdr
        type: sensor_msgs/msg/PointCloud2
      message_count: 614
